[vrlexpress.in/aboutus.html]
[backblue.gif]
[fade.gif]
[index.html]
[vrlexpress.in/boilerplate.css]
[vrlexpress.in/stylesheet.css]
[vrlexpress.in/stylesheet2.css]
[vrlexpress.in/images/shortcut-logo.png]
[vrlexpress.in/mycss.css]
[vrlexpress.in/rmm-css/responsivemobilemenu.css]
[vrlexpress.in/rmm-js/responsivemobilemenu.js]
[code.jquery.com/jquery.min.js]
[vrlexpress.in/respond.min.js]
[vrlexpress.in/engine1/style.css]
[vrlexpress.in/engine1/jquery.js]
[cdnjs.cloudflare.com/ajax/libs/font-awesome/4.7.0/css/font-awesome.min.css]
[vrlexpress.in/index.html]
[vrlexpress.in/images/logo.png]
[vrlexpress.in/images/callus.png]
[vrlexpress.in/images/weaccept.jpg]
[vrlexpress.in/services.html]
[vrlexpress.in/clients.html]
[vrlexpress.in/branches.html]
[vrlexpress.in/enquiry.html]
[vrlexpress.in/contactus.html]
[vrlexpress.in/data1/images/banner.jpg]
[vrlexpress.in/data1/images/banner2.jpg]
[vrlexpress.in/data1/images/banner3.jpg]
[vrlexpress.in/data1/images/banner4.jpg]
[vrlexpress.in/data1/images/banner5.jpg]
[vrlexpress.in/data1/images/banner6.jpg]
[vrlexpress.in/data1/tooltips/banner.jpg]
[vrlexpress.in/data1/tooltips/banner2.jpg]
[vrlexpress.in/data1/tooltips/banner3.jpg]
[vrlexpress.in/data1/tooltips/banner4.jpg]
[vrlexpress.in/data1/tooltips/banner5.jpg]
[vrlexpress.in/data1/tooltips/banner6.jpg]
[vrlexpress.in/engine1/wowslider.js]
[vrlexpress.in/engine1/script.js]
[vrlexpress.in/images/aboutus.jpg]
[vrlexpress.in/images/our-mission.jpg]
[vrlexpress.in/images/vision.jpg]
[vrlexpress.in/images/team.jpg]
[vrlexpress.in/images/welcome.jpg]
[vrlexpress.in/images/whyus.jpg]
[vrlexpress.in/Script/AC_RunActiveContent.html]
[vrlexpress.in/images/stepin-logo.png]
[www.googleadservices.com/pagead/f.txt]
[vrlexpress.in/aboutus.html]
[vrlexpress.in/boilerplate.css]
[vrlexpress.in/stylesheet.css]
[vrlexpress.in/stylesheet2.css]
[vrlexpress.in/mycss.css]
[vrlexpress.in/rmm-css/responsivemobilemenu.css]
[vrlexpress.in/engine1/playvideo.html]
[vrlexpress.in/engine1/bullet.png]
[vrlexpress.in/engine1/arrows.png]
[vrlexpress.in/engine1/pause.png]
[vrlexpress.in/engine1/play.png]
[vrlexpress.in/engine1/triangle.png]
[vrlexpress.in/engine1/style.css]
[cdnjs.cloudflare.com/ajax/libs/font-awesome/4.7.0/css/font-awesome.min.css]
[stackpath.bootstrapcdn.com/font-awesome/4.7.0/css/font-awesome.min.css]
[vrlexpress.in/webmail/index.html]
[vrlexpress.in/images/team.png]
[vrlexpress.in/images/whyus.png]
[vrlexpress.in/images/ourmotto.png]
[vrlexpress.in/images/packing-and-moving-services.jpg]
[vrlexpress.in/images/loading-and-unloading-services.jpg]
[vrlexpress.in/images/car-transport.jpg]
[vrlexpress.in/images/warehouse.jpg]
[vrlexpress.in/images/office-shifting.jpg]
[vrlexpress.in/images/insurance.jpg]
[vrlexpress.in/index.html]
[vrlexpress.in/images/unpacking.jpg]
[vrlexpress.in/images/transportation-services.jpg]
[vrlexpress.in/images/goods-transportation.jpg]
[vrlexpress.in/services.html]
[vrlexpress.in/images/clients1.gif]
[vrlexpress.in/images/clients2.gif]
[vrlexpress.in/images/clients3.gif]
[vrlexpress.in/images/clients4.gif]
[vrlexpress.in/images/clients5.gif]
[vrlexpress.in/images/clients6.gif]
[vrlexpress.in/images/clients7.gif]
[vrlexpress.in/images/clients8.gif]
[vrlexpress.in/images/clients9.gif]
[vrlexpress.in/images/clients10.gif]
[vrlexpress.in/images/clients11.gif]
[vrlexpress.in/images/clients12.gif]
[vrlexpress.in/images/clients13.gif]
[vrlexpress.in/images/clients14.gif]
[vrlexpress.in/images/clients15.gif]
[vrlexpress.in/images/clients16.gif]
[vrlexpress.in/images/clients17.gif]
[vrlexpress.in/images/clients18.gif]
[vrlexpress.in/images/clients19.gif]
[vrlexpress.in/images/clients20.gif]
[vrlexpress.in/images/clients21.gif]
[vrlexpress.in/images/clients22.gif]
[vrlexpress.in/images/clients23.gif]
[vrlexpress.in/images/clients24.gif]
[vrlexpress.in/images/clients25.gif]
[vrlexpress.in/clients.html]
[vrlexpress.in/branches.html]
[vrlexpress.in/enquiry.html]
[vrlexpress.in/contactus.html]
[vrlexpress.in/Script/AC_RunActiveContent.html]
[vrlexpress.in/contact3.html]
[vrlexpress.in/engine1/playvideo.html]
[stackpath.bootstrapcdn.com/font-awesome/4.7.0/css/font-awesome.min.css]
[vrlexpress.in/webmail/skins/elastic/images/favicon817d.ico]
[vrlexpress.in/webmail/skins/elastic/deps/bootstrap.mine561.css]
[vrlexpress.in/webmail/skins/elastic/styles/styles.min817d.css]
[vrlexpress.in/webmail/plugins/jqueryui/themes/elastic/jquery-ui.min817d.css]
[vrlexpress.in/webmail/program/js/common.min817d.js]
[vrlexpress.in/webmail/program/js/jquery.min3c8f.js]
[vrlexpress.in/webmail/program/js/jstz.min3c8f.js]
[vrlexpress.in/webmail/program/js/app.min817d.js]
[vrlexpress.in/webmail/skins/elastic/deps/bootstrap.bundle.mine561.js]
[vrlexpress.in/webmail/plugins/jqueryui/js/jquery-ui.min817d.js]
[vrlexpress.in/webmail/index.html]
[vrlexpress.in/webmail/skins/elastic/deps/bootstrap.mine561.css]
[vrlexpress.in/webmail/skins/elastic/ui.min817d.js]
[vrlexpress.in/webmail/skins/elastic/fonts/fa-solid-900.woff2]
[vrlexpress.in/webmail/skins/elastic/fonts/fa-solid-900.woff]
[vrlexpress.in/webmail/skins/elastic/fonts/fa-regular-400.woff2]
[vrlexpress.in/webmail/skins/elastic/fonts/fa-regular-400.woff]
[vrlexpress.in/webmail/skins/elastic/fonts/roboto-v29-regular.woff2]
[vrlexpress.in/webmail/skins/elastic/fonts/roboto-v29-regular.woff]
[vrlexpress.in/webmail/skins/elastic/fonts/roboto-v29-italic.woff2]
[vrlexpress.in/webmail/skins/elastic/fonts/roboto-v29-italic.woff]
[vrlexpress.in/webmail/skins/elastic/fonts/roboto-v29-regular-700.woff2]
[vrlexpress.in/webmail/skins/elastic/fonts/roboto-v29-regular-700.woff]
[vrlexpress.in/webmail/skins/elastic/fonts/roboto-v29-italic-700.woff2]
[vrlexpress.in/webmail/skins/elastic/fonts/roboto-v29-italic-700.woff]
[vrlexpress.in/webmail/skins/elastic/styles/styles.min817d.css]
[vrlexpress.in/webmail/plugins/jqueryui/themes/elastic/jquery-ui.min817d.css]
[vrlexpress.in/webmail/skins/elastic/images/logo817d.svg]
[vrlexpress.in/webmail/skins/elastic/images/google-icon.svg]
[vrlexpress.in/webmail/skins/elastic/images/microsoft-icon.svg]
